../Core/nui/nd_app.c:305:17:prv_next_event_centi	16	static
../Core/nui/nd_app.c:167:13:prv_led1	0	static
../Core/nui/nd_app.c:176:13:prv_led1_pulse_off_cb	0	static
../Core/nui/nd_app.c:260:13:prv_is_two_minute_mode_active	8	static
../Core/nui/nd_app.c:451:17:prv_get_beacon_early_wake_ms	8	static
../Core/nui/nd_app.c:484:17:prv_get_beacon_rx_window_ms_with_phase_scan	8	static
../Core/nui/nd_app.c:279:17:prv_get_normal_cycle_sec	8	static
../Core/nui/nd_app.c:254:13:prv_refresh_mode_from_config	8	static
../Core/nui/nd_app.c:633:13:prv_stop_sensor_and_tx_timers	8	static
../Core/nui/nd_app.c:640:13:prv_schedule_unsync_search_scan	16	static
../Core/nui/nd_app.c:743:13:prv_schedule_short_tx_retry	24	static
../Core/nui/nd_app.c:524:17:prv_calc_sync_anchor_crc	32	static
../Core/nui/nd_app.c:237:13:prv_apply_setting_ascii	16	static
../Core/nui/nd_app.c:792:13:prv_start_beacon_rx	32	static
../Core/nui/nd_app.c:230:13:prv_tmr_tx_cb	0	static
../Core/nui/nd_app.c:223:13:prv_tmr_sensor_cb	0	static
../Core/nui/nd_app.c:216:13:prv_tmr_reminder_cb	0	static
../Core/nui/nd_app.c:209:13:prv_tmr_beacon_cb	0	static
../Core/nui/nd_app.c:202:13:prv_tmr_boot_cb	0	static
../Core/nui/nd_app.c:949:13:prv_schedule_sensor_and_tx	32	static
../Core/nui/nd_app.c:648:13:prv_enter_unsync_search	8	static
../Core/nui/nd_app.c:670:13:prv_note_main_beacon_miss	0	static
../Core/nui/nd_app.c:785:13:prv_reschedule_main_if_pending	0	static
../Core/nui/nd_app.c:845:13:prv_restart_current_rx_window	16	static
../Core/nui/nd_app.c:865:13:prv_continue_boot_listen_or_schedule	56	static
../Core/nui/nd_app.c:694:13:prv_schedule_short_boot_retry	8	static
../Core/nui/nd_app.c:1004:6:UI_Hook_OnOpKeyPressed	256	static
../Core/nui/nd_app.c:1024:6:ND_App_Process	80	static
../Core/nui/nd_app.c:1216:6:ND_App_Init	24	static
../Core/nui/nd_app.c:1254:6:ND_Radio_OnTxDone	8	static
../Core/nui/nd_app.c:1265:6:ND_Radio_OnTxTimeout	8	static
../Core/nui/nd_app.c:1284:6:ND_Radio_OnRxDone	48	static
../Core/nui/nd_app.c:1332:6:ND_Radio_OnRxTimeout	8	static
../Core/nui/nd_app.c:1350:6:ND_Radio_OnRxError	8	static
