../Core/nui/nd_app.c:304:17:prv_next_event_centi	16	static
../Core/nui/nd_app.c:166:13:prv_led1	0	static
../Core/nui/nd_app.c:175:13:prv_led1_pulse_off_cb	0	static
../Core/nui/nd_app.c:259:13:prv_is_two_minute_mode_active	8	static
../Core/nui/nd_app.c:450:17:prv_get_beacon_early_wake_ms	8	static
../Core/nui/nd_app.c:483:17:prv_get_beacon_rx_window_ms_with_phase_scan	8	static
../Core/nui/nd_app.c:278:17:prv_get_normal_cycle_sec	8	static
../Core/nui/nd_app.c:253:13:prv_refresh_mode_from_config	8	static
../Core/nui/nd_app.c:632:13:prv_stop_sensor_and_tx_timers	8	static
../Core/nui/nd_app.c:639:13:prv_schedule_unsync_search_scan	16	static
../Core/nui/nd_app.c:742:13:prv_schedule_short_tx_retry	24	static
../Core/nui/nd_app.c:523:17:prv_calc_sync_anchor_crc	32	static
../Core/nui/nd_app.c:236:13:prv_apply_setting_ascii	16	static
../Core/nui/nd_app.c:773:13:prv_start_beacon_rx	32	static
../Core/nui/nd_app.c:229:13:prv_tmr_tx_cb	0	static
../Core/nui/nd_app.c:222:13:prv_tmr_sensor_cb	0	static
../Core/nui/nd_app.c:215:13:prv_tmr_reminder_cb	0	static
../Core/nui/nd_app.c:208:13:prv_tmr_beacon_cb	0	static
../Core/nui/nd_app.c:201:13:prv_tmr_boot_cb	0	static
../Core/nui/nd_app.c:930:13:prv_schedule_sensor_and_tx	32	static
../Core/nui/nd_app.c:647:13:prv_enter_unsync_search	8	static
../Core/nui/nd_app.c:669:13:prv_note_main_beacon_miss	0	static
../Core/nui/nd_app.c:766:13:prv_reschedule_main_if_pending	0	static
../Core/nui/nd_app.c:826:13:prv_restart_current_rx_window	16	static
../Core/nui/nd_app.c:846:13:prv_continue_boot_listen_or_schedule	56	static
../Core/nui/nd_app.c:693:13:prv_schedule_short_boot_retry	8	static
../Core/nui/nd_app.c:985:6:UI_Hook_OnOpKeyPressed	256	static
../Core/nui/nd_app.c:1005:6:ND_App_Process	80	static
../Core/nui/nd_app.c:1177:6:ND_App_Init	24	static
../Core/nui/nd_app.c:1214:6:ND_Radio_OnTxDone	8	static
../Core/nui/nd_app.c:1221:6:ND_Radio_OnTxTimeout	0	static
../Core/nui/nd_app.c:1228:6:ND_Radio_OnRxDone	48	static
../Core/nui/nd_app.c:1276:6:ND_Radio_OnRxTimeout	8	static
../Core/nui/nd_app.c:1294:6:ND_Radio_OnRxError	8	static
