../Core/nui/nd_app.c:331:17:prv_next_event_centi	16	static
../Core/nui/nd_app.c:158:13:prv_led1	0	static
../Core/nui/nd_app.c:167:13:prv_led1_pulse_off_cb	0	static
../Core/nui/nd_app.c:267:13:prv_is_two_minute_mode_active	8	static
../Core/nui/nd_app.c:450:17:prv_get_beacon_early_wake_ms	8	static
../Core/nui/nd_app.c:359:17:prv_get_tx_base_offset_sec	8	static
../Core/nui/nd_app.c:290:17:prv_get_normal_cycle_sec	8	static
../Core/nui/nd_app.c:261:13:prv_refresh_mode_from_config	8	static
../Core/nui/nd_app.c:624:13:prv_stop_sensor_and_tx_timers	8	static
../Core/nui/nd_app.c:866:13:prv_schedule_reminder_window	0	static
../Core/nui/nd_app.c:173:13:prv_led1_pulse_10ms	8	static
../Core/nui/nd_app.c:631:13:prv_schedule_unsync_search_scan	16	static
../Core/nui/nd_app.c:640:13:prv_enter_unsync_search	8	static
../Core/nui/nd_app.c:225:13:prv_tmr_tx_cb	0	static
../Core/nui/nd_app.c:218:13:prv_tmr_sensor_cb	0	static
../Core/nui/nd_app.c:211:13:prv_tmr_reminder_cb	0	static
../Core/nui/nd_app.c:204:13:prv_tmr_beacon_cb	0	static
../Core/nui/nd_app.c:197:13:prv_tmr_boot_cb	0	static
../Core/nui/nd_app.c:503:17:prv_calc_sync_anchor_crc	32	static
../Core/nui/nd_app.c:235:13:prv_apply_setting_ascii	16	static
../Core/nui/nd_app.c:788:13:prv_start_beacon_rx	24	static
../Core/nui/nd_app.c:657:13:prv_note_main_beacon_miss	0	static
../Core/nui/nd_app.c:874:13:prv_schedule_sensor_and_tx	32	static
../Core/nui/nd_app.c:601:13:prv_try_enter_holdover_from_backup	32	static
../Core/nui/nd_app.c:819:13:prv_schedule_beacon_window	32	static
../Core/nui/nd_app.c:745:13:prv_continue_boot_listen_or_schedule	16	static
../Core/nui/nd_app.c:940:6:UI_Hook_OnOpKeyPressed	256	static
../Core/nui/nd_app.c:972:6:ND_App_Process	64	static
../Core/nui/nd_app.c:1122:6:ND_App_Init	24	static
../Core/nui/nd_app.c:1173:6:ND_Radio_OnTxDone	8	static
../Core/nui/nd_app.c:1190:6:ND_Radio_OnTxTimeout	8	static
../Core/nui/nd_app.c:1213:6:ND_Radio_OnRxDone	72	static
../Core/nui/nd_app.c:1292:6:ND_Radio_OnRxTimeout	16	static
../Core/nui/nd_app.c:1315:6:ND_Radio_OnRxError	0	static
../Core/nui/nd_app.c:1339:6:UI_Hook_OnConfigChanged	8	static
../Core/nui/nd_app.c:1367:6:UI_Hook_OnTimeChanged	16	static
