../Core/nui/nd_app.c:339:17:prv_next_event_centi	16	static
../Core/nui/nd_app.c:166:13:prv_led1	0	static
../Core/nui/nd_app.c:175:13:prv_led1_pulse_off_cb	0	static
../Core/nui/nd_app.c:275:13:prv_is_two_minute_mode_active	8	static
../Core/nui/nd_app.c:455:17:prv_get_beacon_early_wake_ms	8	static
../Core/nui/nd_app.c:499:17:prv_get_beacon_rx_window_ms_with_phase_scan	8	static
../Core/nui/nd_app.c:298:17:prv_get_normal_cycle_sec	8	static
../Core/nui/nd_app.c:269:13:prv_refresh_mode_from_config	8	static
../Core/nui/nd_app.c:663:13:prv_stop_sensor_and_tx_timers	8	static
../Core/nui/nd_app.c:670:13:prv_schedule_unsync_search_scan	16	static
../Core/nui/nd_app.c:233:13:prv_tmr_tx_cb	0	static
../Core/nui/nd_app.c:226:13:prv_tmr_sensor_cb	0	static
../Core/nui/nd_app.c:219:13:prv_tmr_reminder_cb	0	static
../Core/nui/nd_app.c:212:13:prv_tmr_beacon_cb	0	static
../Core/nui/nd_app.c:205:13:prv_tmr_boot_cb	0	static
../Core/nui/nd_app.c:243:13:prv_apply_setting_ascii	16	static
../Core/nui/nd_app.c:542:17:prv_calc_sync_anchor_crc	32	static
../Core/nui/nd_app.c:840:13:prv_start_beacon_rx	24	static
../Core/nui/nd_app.c:935:13:prv_schedule_sensor_and_tx	32	static
../Core/nui/nd_app.c:679:13:prv_enter_unsync_search	8	static
../Core/nui/nd_app.c:709:13:prv_note_main_beacon_miss	0	static
../Core/nui/nd_app.c:767:13:prv_restart_current_rx_window	16	static
../Core/nui/nd_app.c:797:13:prv_continue_boot_listen_or_schedule	56	static
../Core/nui/nd_app.c:1001:6:UI_Hook_OnOpKeyPressed	256	static
../Core/nui/nd_app.c:1033:6:ND_App_Process	64	static
../Core/nui/nd_app.c:1179:6:ND_App_Init	24	static
../Core/nui/nd_app.c:1213:6:ND_Radio_OnTxDone	8	static
../Core/nui/nd_app.c:1220:6:ND_Radio_OnTxTimeout	0	static
../Core/nui/nd_app.c:1227:6:ND_Radio_OnRxDone	48	static
../Core/nui/nd_app.c:1283:6:ND_Radio_OnRxTimeout	8	static
../Core/nui/nd_app.c:1306:6:ND_Radio_OnRxError	8	static
